// Jest Snapshot v1, https://goo.gl/fbAQLP

exports[`crypto_org_croeseid currency bridge scanAccounts crypto_org_croeseid seed 1 1`] = `
Array [
  Object {
    "balance": "10068099925",
    "cryptoOrgResources": Object {
      "bondedBalance": "0",
      "commissions": "0",
      "redelegatingBalance": "0",
      "unbondingBalance": "0",
    },
    "currencyId": "crypto_org_croeseid",
    "derivationMode": "",
    "freshAddress": "tcro1k5u8tzh8nsfm6uqwlc48xz4g5j3mm8xx9zy5y9",
    "freshAddressPath": "44'/394'/0'/0/0",
    "freshAddresses": Array [
      Object {
        "address": "tcro1k5u8tzh8nsfm6uqwlc48xz4g5j3mm8xx9zy5y9",
        "derivationPath": "44'/394'/0'/0/0",
      },
    ],
    "id": "js:2:crypto_org_croeseid:tcro1k5u8tzh8nsfm6uqwlc48xz4g5j3mm8xx9zy5y9:",
    "index": 0,
    "name": "Crypto.org Croeseid 1",
    "nfts": undefined,
    "operationsCount": 0,
    "pendingOperations": Array [],
    "seedIdentifier": "02bf9e382bf60d6ffaa982534b3e88014ee472bf091b7ff17167fe897807434941",
    "spendableBalance": "10068099925",
    "starred": false,
    "swapHistory": Array [],
    "syncHash": undefined,
    "unitMagnitude": 8,
    "used": true,
  },
  Object {
    "balance": "22712183075",
    "cryptoOrgResources": Object {
      "bondedBalance": "0",
      "commissions": "0",
      "redelegatingBalance": "0",
      "unbondingBalance": "0",
    },
    "currencyId": "crypto_org_croeseid",
    "derivationMode": "",
    "freshAddress": "tcro1ehq3qxxsyjwvau6v9qn2twv06ut78g4v4g3jmp",
    "freshAddressPath": "44'/394'/1'/0/0",
    "freshAddresses": Array [
      Object {
        "address": "tcro1ehq3qxxsyjwvau6v9qn2twv06ut78g4v4g3jmp",
        "derivationPath": "44'/394'/1'/0/0",
      },
    ],
    "id": "js:2:crypto_org_croeseid:tcro1ehq3qxxsyjwvau6v9qn2twv06ut78g4v4g3jmp:",
    "index": 1,
    "name": "Crypto.org Croeseid 2",
    "nfts": undefined,
    "operationsCount": 0,
    "pendingOperations": Array [],
    "seedIdentifier": "02bf9e382bf60d6ffaa982534b3e88014ee472bf091b7ff17167fe897807434941",
    "spendableBalance": "22712183075",
    "starred": false,
    "swapHistory": Array [],
    "syncHash": undefined,
    "unitMagnitude": 8,
    "used": true,
  },
  Object {
    "balance": "0",
    "cryptoOrgResources": Object {
      "bondedBalance": "0",
      "commissions": "0",
      "redelegatingBalance": "0",
      "unbondingBalance": "0",
    },
    "currencyId": "crypto_org_croeseid",
    "derivationMode": "",
    "freshAddress": "tcro1kqfwshusg4v7gfac5j6qmcp4ggxc74fwgk48h9",
    "freshAddressPath": "44'/394'/2'/0/0",
    "freshAddresses": Array [
      Object {
        "address": "tcro1kqfwshusg4v7gfac5j6qmcp4ggxc74fwgk48h9",
        "derivationPath": "44'/394'/2'/0/0",
      },
    ],
    "id": "js:2:crypto_org_croeseid:tcro1kqfwshusg4v7gfac5j6qmcp4ggxc74fwgk48h9:",
    "index": 2,
    "name": "Crypto.org Croeseid 3",
    "nfts": undefined,
    "operationsCount": 0,
    "pendingOperations": Array [],
    "seedIdentifier": "02bf9e382bf60d6ffaa982534b3e88014ee472bf091b7ff17167fe897807434941",
    "spendableBalance": "0",
    "starred": false,
    "swapHistory": Array [],
    "syncHash": undefined,
    "unitMagnitude": 8,
    "used": false,
  },
]
`;

exports[`crypto_org_croeseid currency bridge scanAccounts crypto_org_croeseid seed 1 2`] = `
Array [
  Array [],
  Array [],
  Array [],
]
`;
